[INFO]	01/07/2024 03:18:30 PM - Read credentials from c:\Users\kaike.carvalho\OneDrive - RADIX ENGENHARIA E DESENVOLVIMENTO DE SOFTWARE S A (ISV)\Desktop\PI-Vision-API\dist\credentials.json
[INFO]	01/07/2024 03:18:30 PM - Read display IDs from c:\Users\kaike.carvalho\OneDrive - RADIX ENGENHARIA E DESENVOLVIMENTO DE SOFTWARE S A (ISV)\Desktop\PI-Vision-API\dist\display_ids.txt
[INFO]	01/07/2024 03:18:30 PM - Read modification values from c:\Users\kaike.carvalho\OneDrive - RADIX ENGENHARIA E DESENVOLVIMENTO DE SOFTWARE S A (ISV)\Desktop\PI-Vision-API\dist\newtags.csv
[DEBUG]	01/07/2024 03:18:30 PM - Making GET request to https://rdx-04-dev-pivs.rdxpims.local/PIVision/Utility/api/v1/displays/303/export
[DEBUG]	01/07/2024 03:18:30 PM - Starting new HTTPS connection (1): rdx-04-dev-pivs.rdxpims.local:443
[DEBUG]	01/07/2024 03:18:32 PM - https://rdx-04-dev-pivs.rdxpims.local:443 "GET /PIVision/Utility/api/v1/displays/303/export HTTP/1.1" 401 1293
[DEBUG]	01/07/2024 03:18:33 PM - SSPI step input: 
[DEBUG]	01/07/2024 03:18:33 PM - SSPI step output: TlRMTVNTUAABAAAAt4II4gAAAAAAAAAAAAAAAAAAAAAKAF1YAAAADw==
[DEBUG]	01/07/2024 03:18:33 PM - https://rdx-04-dev-pivs.rdxpims.local:443 "GET /PIVision/Utility/api/v1/displays/303/export HTTP/1.1" 401 341
[DEBUG]	01/07/2024 03:18:33 PM - SSPI step input: TlRMTVNTUAACAAAADgAOADgAAAA1goniTEzsDcrq4A0AAAAAAAAAAL4AvgBGAAAACgBjRQAAAA9SAEQAWABQAEkATQBTAAIADgBSAEQAWABQAEkATQBTAAEAHgBSAEQAWAAtADAANAAtAEQARQBWAC0AUABJAFYAUwAEABoAcgBkAHgAcABpAG0AcwAuAGwAbwBjAGEAbAADADoAUgBEAFgALQAwADQALQBEAEUAVgAtAFAASQBWAFMALgByAGQAeABwAGkAbQBzAC4AbABvAGMAYQBsAAUAGgByAGQAeABwAGkAbQBzAC4AbABvAGMAYQBsAAcACADfhv0U48vaAQAAAAA=
[DEBUG]	01/07/2024 03:18:33 PM - SSPI step output: TlRMTVNTUAADAAAAGAAYAKYAAABiAWIBvgAAABoAGgBYAAAAHAAcAHIAAAAYABgAjgAAABAAEAAgAgAANYKI4goAXVgAAAAPy5113/qPGxAjNCPpIMKIg3IAZAB4AHAAaQBtAHMALgBsAG8AYwBhAGwAawBhAGkAawBlAC4AYwBhAHIAdgBhAGwAaABvAFIARABYAE4AVABCAFIASgAzADMANAAzAAAAAAAAAAAAAAAAAAAAAAAAAAAAAAAAAESriEu+nt/FbQb5O/8gMJABAQAAAAAAAN+G/RTjy9oBREB6rJf2+14AAAAAAgAOAFIARABYAFAASQBNAFMAAQAeAFIARABYAC0AMAA0AC0ARABFAFYALQBQAEkAVgBTAAQAGgByAGQAeABwAGkAbQBzAC4AbABvAGMAYQBsAAMAOgBSAEQAWAAtADAANAAtAEQARQBWAC0AUABJAFYAUwAuAHIAZAB4AHAAaQBtAHMALgBsAG8AYwBhAGwABQAaAHIAZAB4AHAAaQBtAHMALgBsAG8AYwBhAGwABwAIAN+G/RTjy9oBBgAEAAIAAAAIADAAMAAAAAAAAAABAAAAACAAAOpUK9FXmG7+x/hv5DG5Ff5aUsRfBEulxLaTJknvi6NHCgAQAG+e+pngnQVCG0j0upGzeJ4JACAAaABvAHMAdAAvAHUAbgBzAHAAZQBjAGkAZgBpAGUAZAAAAAAAAAAAAFyiM87giJaFKsCD0Rzc7BA=
[DEBUG]	01/07/2024 03:18:35 PM - https://rdx-04-dev-pivs.rdxpims.local:443 "GET /PIVision/Utility/api/v1/displays/303/export HTTP/1.1" 200 938
[INFO]	01/07/2024 03:18:35 PM - Successful GET request to https://rdx-04-dev-pivs.rdxpims.local/PIVision/Utility/api/v1/displays/303/export
[DEBUG]	01/07/2024 03:18:35 PM - Modified data source: OLD: pi:\\RDX-01-DEV-PIDA?d562d24d-cb85-4e74-8441-67c7a983f2e3\PETRO.RLL.FL01.PT_PCK_01?320697, NEW: pi:\\RDX-01-DEV-PIDA?d562d24d-cb85-4e74-8441-67c7a983f2e3\PETRO.RLL.FL01.TT_CKGL_01? 320700
[DEBUG]	01/07/2024 03:18:35 PM - Modified data source: OLD: pi:\\RDX-01-DEV-PIDA?d562d24d-cb85-4e74-8441-67c7a983f2e3\PETRO.RLL.FL01.PT_PDG_01?320698, NEW: pi:\\RDX-01-DEV-PIDA?d562d24d-cb85-4e74-8441-67c7a983f2e3\PETRO.RLL.FL01.TT_TPT_01? 320701
[INFO]	01/07/2024 03:18:35 PM - Tags saved to c:\Users\kaike.carvalho\OneDrive - RADIX ENGENHARIA E DESENVOLVIMENTO DE SOFTWARE S A (ISV)\Desktop\PI-Vision-API\dist\303.csv
[DEBUG]	01/07/2024 03:18:35 PM - Making PUT request to https://rdx-04-dev-pivs.rdxpims.local/PIVision/Utility/api/v1/displays
[DEBUG]	01/07/2024 03:18:36 PM - https://rdx-04-dev-pivs.rdxpims.local:443 "PUT /PIVision/Utility/api/v1/displays HTTP/1.1" 200 215
[INFO]	01/07/2024 03:18:36 PM - Successful PUT request to https://rdx-04-dev-pivs.rdxpims.local/PIVision/Utility/api/v1/displays
[INFO]	01/07/2024 03:49:24 PM - Read credentials from c:\Users\kaike.carvalho\OneDrive - RADIX ENGENHARIA E DESENVOLVIMENTO DE SOFTWARE S A (ISV)\Desktop\PI-Vision-API\dist\credentials.json
[INFO]	01/07/2024 03:49:24 PM - Read display IDs from c:\Users\kaike.carvalho\OneDrive - RADIX ENGENHARIA E DESENVOLVIMENTO DE SOFTWARE S A (ISV)\Desktop\PI-Vision-API\dist\display_ids.txt
[INFO]	01/07/2024 03:49:24 PM - Read modification values from c:\Users\kaike.carvalho\OneDrive - RADIX ENGENHARIA E DESENVOLVIMENTO DE SOFTWARE S A (ISV)\Desktop\PI-Vision-API\dist\newtags.csv
[DEBUG]	01/07/2024 03:49:24 PM - Making GET request to https://rdx-04-dev-pivs.rdxpims.local/PIVision/Utility/api/v1/displays/303/export
[DEBUG]	01/07/2024 03:49:24 PM - Starting new HTTPS connection (1): rdx-04-dev-pivs.rdxpims.local:443
[DEBUG]	01/07/2024 03:49:26 PM - https://rdx-04-dev-pivs.rdxpims.local:443 "GET /PIVision/Utility/api/v1/displays/303/export HTTP/1.1" 401 1293
[DEBUG]	01/07/2024 03:49:26 PM - SSPI step input: 
[DEBUG]	01/07/2024 03:49:26 PM - SSPI step output: TlRMTVNTUAABAAAAt4II4gAAAAAAAAAAAAAAAAAAAAAKAF1YAAAADw==
[DEBUG]	01/07/2024 03:49:27 PM - https://rdx-04-dev-pivs.rdxpims.local:443 "GET /PIVision/Utility/api/v1/displays/303/export HTTP/1.1" 401 341
[DEBUG]	01/07/2024 03:49:27 PM - SSPI step input: TlRMTVNTUAACAAAADgAOADgAAAA1gonig1Qw/60vFCUAAAAAAAAAAL4AvgBGAAAACgBjRQAAAA9SAEQAWABQAEkATQBTAAIADgBSAEQAWABQAEkATQBTAAEAHgBSAEQAWAAtADAANAAtAEQARQBWAC0AUABJAFYAUwAEABoAcgBkAHgAcABpAG0AcwAuAGwAbwBjAGEAbAADADoAUgBEAFgALQAwADQALQBEAEUAVgAtAFAASQBWAFMALgByAGQAeABwAGkAbQBzAC4AbABvAGMAYQBsAAUAGgByAGQAeABwAGkAbQBzAC4AbABvAGMAYQBsAAcACAAj4wlm58vaAQAAAAA=
[DEBUG]	01/07/2024 03:49:27 PM - SSPI step output: TlRMTVNTUAADAAAAGAAYAKYAAABiAWIBvgAAABoAGgBYAAAAHAAcAHIAAAAYABgAjgAAABAAEAAgAgAANYKI4goAXVgAAAAPVa7uf3W5Y6Aq78GNcy1mInIAZAB4AHAAaQBtAHMALgBsAG8AYwBhAGwAawBhAGkAawBlAC4AYwBhAHIAdgBhAGwAaABvAFIARABYAE4AVABCAFIASgAzADMANAAzAAAAAAAAAAAAAAAAAAAAAAAAAAAAAAAAAARd0udUZZ/5cDsNZOglTcMBAQAAAAAAACPjCWbny9oBj97ZC/VdrHAAAAAAAgAOAFIARABYAFAASQBNAFMAAQAeAFIARABYAC0AMAA0AC0ARABFAFYALQBQAEkAVgBTAAQAGgByAGQAeABwAGkAbQBzAC4AbABvAGMAYQBsAAMAOgBSAEQAWAAtADAANAAtAEQARQBWAC0AUABJAFYAUwAuAHIAZAB4AHAAaQBtAHMALgBsAG8AYwBhAGwABQAaAHIAZAB4AHAAaQBtAHMALgBsAG8AYwBhAGwABwAIACPjCWbny9oBBgAEAAIAAAAIADAAMAAAAAAAAAABAAAAACAAAOpUK9FXmG7+x/hv5DG5Ff5aUsRfBEulxLaTJknvi6NHCgAQAG+e+pngnQVCG0j0upGzeJ4JACAAaABvAHMAdAAvAHUAbgBzAHAAZQBjAGkAZgBpAGUAZAAAAAAAAAAAAFwJvAyLTxoVbjFtd8GFUIE=
[DEBUG]	01/07/2024 03:49:29 PM - https://rdx-04-dev-pivs.rdxpims.local:443 "GET /PIVision/Utility/api/v1/displays/303/export HTTP/1.1" 200 940
[INFO]	01/07/2024 03:49:29 PM - Successful GET request to https://rdx-04-dev-pivs.rdxpims.local/PIVision/Utility/api/v1/displays/303/export
[INFO]	01/07/2024 03:49:29 PM - Data saved to c:\Users\kaike.carvalho\OneDrive - RADIX ENGENHARIA E DESENVOLVIMENTO DE SOFTWARE S A (ISV)\Desktop\PI-Vision-API\dist\303.json
[DEBUG]	01/07/2024 03:49:29 PM - Modified data source: OLD: pi:\\RDX-01-DEV-PIDA?d562d24d-cb85-4e74-8441-67c7a983f2e3\PETRO.RLL.FL01.TT_CKGL_01? 320700, NEW: pi:\\RDX-01-DEV-PIDA?d562d24d-cb85-4e74-8441-67c7a983f2e3\ "PETRO.RLL.FL01.UEOFW"? 320702
[DEBUG]	01/07/2024 03:49:29 PM - Modified data source: OLD: pi:\\RDX-01-DEV-PIDA?d562d24d-cb85-4e74-8441-67c7a983f2e3\PETRO.RLL.FL01.TT_TPT_01? 320701, NEW: pi:\\RDX-01-DEV-PIDA?d562d24d-cb85-4e74-8441-67c7a983f2e3\ "PETRO.RLL.FL02.PT_CKGL_01"? 320704
[INFO]	01/07/2024 03:49:29 PM - Tags saved to c:\Users\kaike.carvalho\OneDrive - RADIX ENGENHARIA E DESENVOLVIMENTO DE SOFTWARE S A (ISV)\Desktop\PI-Vision-API\dist\303.csv
[DEBUG]	01/07/2024 03:49:29 PM - Making PUT request to https://rdx-04-dev-pivs.rdxpims.local/PIVision/Utility/api/v1/displays
[DEBUG]	01/07/2024 03:49:30 PM - https://rdx-04-dev-pivs.rdxpims.local:443 "PUT /PIVision/Utility/api/v1/displays HTTP/1.1" 200 215
[INFO]	01/07/2024 03:49:30 PM - Successful PUT request to https://rdx-04-dev-pivs.rdxpims.local/PIVision/Utility/api/v1/displays
[INFO]	01/07/2024 04:02:23 PM - Read credentials from c:\Users\kaike.carvalho\OneDrive - RADIX ENGENHARIA E DESENVOLVIMENTO DE SOFTWARE S A (ISV)\Desktop\PI-Vision-API\dist\input\credentials.json
[INFO]	01/07/2024 04:02:23 PM - Read display IDs from c:\Users\kaike.carvalho\OneDrive - RADIX ENGENHARIA E DESENVOLVIMENTO DE SOFTWARE S A (ISV)\Desktop\PI-Vision-API\dist\input\display_ids.txt
[INFO]	01/07/2024 04:02:23 PM - Read modification values from c:\Users\kaike.carvalho\OneDrive - RADIX ENGENHARIA E DESENVOLVIMENTO DE SOFTWARE S A (ISV)\Desktop\PI-Vision-API\dist\input\newtags.csv
[DEBUG]	01/07/2024 04:02:23 PM - Making GET request to https://rdx-04-dev-pivs.rdxpims.local/PIVision/Utility/api/v1/displays/303/export
[DEBUG]	01/07/2024 04:02:23 PM - Starting new HTTPS connection (1): rdx-04-dev-pivs.rdxpims.local:443
[DEBUG]	01/07/2024 04:02:23 PM - https://rdx-04-dev-pivs.rdxpims.local:443 "GET /PIVision/Utility/api/v1/displays/303/export HTTP/1.1" 401 1293
[DEBUG]	01/07/2024 04:02:23 PM - SSPI step input: 
[DEBUG]	01/07/2024 04:02:23 PM - SSPI step output: TlRMTVNTUAABAAAAt4II4gAAAAAAAAAAAAAAAAAAAAAKAF1YAAAADw==
[DEBUG]	01/07/2024 04:02:24 PM - https://rdx-04-dev-pivs.rdxpims.local:443 "GET /PIVision/Utility/api/v1/displays/303/export HTTP/1.1" 401 341
[DEBUG]	01/07/2024 04:02:24 PM - SSPI step input: TlRMTVNTUAACAAAADgAOADgAAAA1goniwjBiWtNwpzwAAAAAAAAAAL4AvgBGAAAACgBjRQAAAA9SAEQAWABQAEkATQBTAAIADgBSAEQAWABQAEkATQBTAAEAHgBSAEQAWAAtADAANAAtAEQARQBWAC0AUABJAFYAUwAEABoAcgBkAHgAcABpAG0AcwAuAGwAbwBjAGEAbAADADoAUgBEAFgALQAwADQALQBEAEUAVgAtAFAASQBWAFMALgByAGQAeABwAGkAbQBzAC4AbABvAGMAYQBsAAUAGgByAGQAeABwAGkAbQBzAC4AbABvAGMAYQBsAAcACADMtic16cvaAQAAAAA=
[DEBUG]	01/07/2024 04:02:24 PM - SSPI step output: TlRMTVNTUAADAAAAGAAYAKYAAABiAWIBvgAAABoAGgBYAAAAHAAcAHIAAAAYABgAjgAAABAAEAAgAgAANYKI4goAXVgAAAAPGw0bXsFKm4qI8R5Rw52GnnIAZAB4AHAAaQBtAHMALgBsAG8AYwBhAGwAawBhAGkAawBlAC4AYwBhAHIAdgBhAGwAaABvAFIARABYAE4AVABCAFIASgAzADMANAAzAAAAAAAAAAAAAAAAAAAAAAAAAAAAAAAAAM5aij0Wqmy6UYdfy9Eqc5ABAQAAAAAAAMy2JzXpy9oBYcyRFGOxoQQAAAAAAgAOAFIARABYAFAASQBNAFMAAQAeAFIARABYAC0AMAA0AC0ARABFAFYALQBQAEkAVgBTAAQAGgByAGQAeABwAGkAbQBzAC4AbABvAGMAYQBsAAMAOgBSAEQAWAAtADAANAAtAEQARQBWAC0AUABJAFYAUwAuAHIAZAB4AHAAaQBtAHMALgBsAG8AYwBhAGwABQAaAHIAZAB4AHAAaQBtAHMALgBsAG8AYwBhAGwABwAIAMy2JzXpy9oBBgAEAAIAAAAIADAAMAAAAAAAAAABAAAAACAAAOpUK9FXmG7+x/hv5DG5Ff5aUsRfBEulxLaTJknvi6NHCgAQAG+e+pngnQVCG0j0upGzeJ4JACAAaABvAHMAdAAvAHUAbgBzAHAAZQBjAGkAZgBpAGUAZAAAAAAAAAAAAAVgWm+yTpnF20Kz8LvRdXI=
[DEBUG]	01/07/2024 04:02:24 PM - https://rdx-04-dev-pivs.rdxpims.local:443 "GET /PIVision/Utility/api/v1/displays/303/export HTTP/1.1" 200 950
[INFO]	01/07/2024 04:02:24 PM - Successful GET request to https://rdx-04-dev-pivs.rdxpims.local/PIVision/Utility/api/v1/displays/303/export
[INFO]	01/07/2024 04:02:24 PM - Data saved to c:\Users\kaike.carvalho\OneDrive - RADIX ENGENHARIA E DESENVOLVIMENTO DE SOFTWARE S A (ISV)\Desktop\PI-Vision-API\dist\backup\303.json
[DEBUG]	01/07/2024 04:02:24 PM - Data source not found in modifications: pi:\\RDX-01-DEV-PIDA?d562d24d-cb85-4e74-8441-67c7a983f2e3\ "PETRO.RLL.FL01.UEOFW"? 320702
[DEBUG]	01/07/2024 04:02:24 PM - Data source not found in modifications: pi:\\RDX-01-DEV-PIDA?d562d24d-cb85-4e74-8441-67c7a983f2e3\ "PETRO.RLL.FL02.PT_CKGL_01"? 320704
[INFO]	01/07/2024 04:02:24 PM - Tags saved to c:\Users\kaike.carvalho\OneDrive - RADIX ENGENHARIA E DESENVOLVIMENTO DE SOFTWARE S A (ISV)\Desktop\PI-Vision-API\dist\output\303.csv
[DEBUG]	01/07/2024 04:02:24 PM - Making PUT request to https://rdx-04-dev-pivs.rdxpims.local/PIVision/Utility/api/v1/displays
[DEBUG]	01/07/2024 04:02:24 PM - https://rdx-04-dev-pivs.rdxpims.local:443 "PUT /PIVision/Utility/api/v1/displays HTTP/1.1" 200 215
[INFO]	01/07/2024 04:02:24 PM - Successful PUT request to https://rdx-04-dev-pivs.rdxpims.local/PIVision/Utility/api/v1/displays
[INFO]	01/07/2024 04:13:43 PM - Read credentials from C:\Users\kaike.carvalho\OneDrive - RADIX ENGENHARIA E DESENVOLVIMENTO DE SOFTWARE S A (ISV)\Desktop\PI-Vision-API\dist\input\credentials.json
[INFO]	01/07/2024 04:13:43 PM - Read display IDs from C:\Users\kaike.carvalho\OneDrive - RADIX ENGENHARIA E DESENVOLVIMENTO DE SOFTWARE S A (ISV)\Desktop\PI-Vision-API\dist\input\display_ids.txt
[INFO]	01/07/2024 04:13:43 PM - Read modification values from C:\Users\kaike.carvalho\OneDrive - RADIX ENGENHARIA E DESENVOLVIMENTO DE SOFTWARE S A (ISV)\Desktop\PI-Vision-API\dist\input\newtags.csv
[DEBUG]	01/07/2024 04:13:43 PM - Making GET request to https://rdx-04-dev-pivs.rdxpims.local/PIVision/Utility/api/v1/displays/303/export
[DEBUG]	01/07/2024 04:13:43 PM - Starting new HTTPS connection (1): rdx-04-dev-pivs.rdxpims.local:443
[DEBUG]	01/07/2024 04:13:44 PM - https://rdx-04-dev-pivs.rdxpims.local:443 "GET /PIVision/Utility/api/v1/displays/303/export HTTP/1.1" 401 1293
[DEBUG]	01/07/2024 04:13:44 PM - SSPI step input: 
[DEBUG]	01/07/2024 04:13:44 PM - SSPI step output: TlRMTVNTUAABAAAAt4II4gAAAAAAAAAAAAAAAAAAAAAKAF1YAAAADw==
[DEBUG]	01/07/2024 04:13:44 PM - https://rdx-04-dev-pivs.rdxpims.local:443 "GET /PIVision/Utility/api/v1/displays/303/export HTTP/1.1" 401 341
[DEBUG]	01/07/2024 04:13:44 PM - SSPI step input: TlRMTVNTUAACAAAADgAOADgAAAA1goni2Bn/mliKRlIAAAAAAAAAAL4AvgBGAAAACgBjRQAAAA9SAEQAWABQAEkATQBTAAIADgBSAEQAWABQAEkATQBTAAEAHgBSAEQAWAAtADAANAAtAEQARQBWAC0AUABJAFYAUwAEABoAcgBkAHgAcABpAG0AcwAuAGwAbwBjAGEAbAADADoAUgBEAFgALQAwADQALQBEAEUAVgAtAFAASQBWAFMALgByAGQAeABwAGkAbQBzAC4AbABvAGMAYQBsAAUAGgByAGQAeABwAGkAbQBzAC4AbABvAGMAYQBsAAcACADrG7fK6svaAQAAAAA=
[DEBUG]	01/07/2024 04:13:44 PM - SSPI step output: TlRMTVNTUAADAAAAGAAYAKYAAABiAWIBvgAAABoAGgBYAAAAHAAcAHIAAAAYABgAjgAAABAAEAAgAgAANYKI4goAXVgAAAAPIler1DO//x4YLsqVIMQ/2HIAZAB4AHAAaQBtAHMALgBsAG8AYwBhAGwAawBhAGkAawBlAC4AYwBhAHIAdgBhAGwAaABvAFIARABYAE4AVABCAFIASgAzADMANAAzAAAAAAAAAAAAAAAAAAAAAAAAAAAAAAAAAOiz1bkbIbVtutSEgWleZRwBAQAAAAAAAOsbt8rqy9oBHxCOADyVNBoAAAAAAgAOAFIARABYAFAASQBNAFMAAQAeAFIARABYAC0AMAA0AC0ARABFAFYALQBQAEkAVgBTAAQAGgByAGQAeABwAGkAbQBzAC4AbABvAGMAYQBsAAMAOgBSAEQAWAAtADAANAAtAEQARQBWAC0AUABJAFYAUwAuAHIAZAB4AHAAaQBtAHMALgBsAG8AYwBhAGwABQAaAHIAZAB4AHAAaQBtAHMALgBsAG8AYwBhAGwABwAIAOsbt8rqy9oBBgAEAAIAAAAIADAAMAAAAAAAAAABAAAAACAAAOpUK9FXmG7+x/hv5DG5Ff5aUsRfBEulxLaTJknvi6NHCgAQAG+e+pngnQVCG0j0upGzeJ4JACAAaABvAHMAdAAvAHUAbgBzAHAAZQBjAGkAZgBpAGUAZAAAAAAAAAAAABB/sp+xMBpP0frJqsmbwFk=
[DEBUG]	01/07/2024 04:13:44 PM - https://rdx-04-dev-pivs.rdxpims.local:443 "GET /PIVision/Utility/api/v1/displays/303/export HTTP/1.1" 200 952
[INFO]	01/07/2024 04:13:44 PM - Successful GET request to https://rdx-04-dev-pivs.rdxpims.local/PIVision/Utility/api/v1/displays/303/export
[INFO]	01/07/2024 04:13:44 PM - Data saved to C:\Users\kaike.carvalho\OneDrive - RADIX ENGENHARIA E DESENVOLVIMENTO DE SOFTWARE S A (ISV)\Desktop\PI-Vision-API\dist\backup\303.json
[DEBUG]	01/07/2024 04:13:44 PM - Data source not found in modifications: pi:\\RDX-01-DEV-PIDA?d562d24d-cb85-4e74-8441-67c7a983f2e3\ "PETRO.RLL.FL01.UEOFW"? 320702
[DEBUG]	01/07/2024 04:13:44 PM - Data source not found in modifications: pi:\\RDX-01-DEV-PIDA?d562d24d-cb85-4e74-8441-67c7a983f2e3\ "PETRO.RLL.FL02.PT_CKGL_01"? 320704
[INFO]	01/07/2024 04:15:28 PM - Read credentials from C:\Users\kaike.carvalho\OneDrive - RADIX ENGENHARIA E DESENVOLVIMENTO DE SOFTWARE S A (ISV)\Desktop\PI-Vision-API\dist\input\credentials.json
[INFO]	01/07/2024 04:15:28 PM - Read display IDs from C:\Users\kaike.carvalho\OneDrive - RADIX ENGENHARIA E DESENVOLVIMENTO DE SOFTWARE S A (ISV)\Desktop\PI-Vision-API\dist\input\display_ids.txt
[INFO]	01/07/2024 04:15:28 PM - Read modification values from C:\Users\kaike.carvalho\OneDrive - RADIX ENGENHARIA E DESENVOLVIMENTO DE SOFTWARE S A (ISV)\Desktop\PI-Vision-API\dist\input\newtags.csv
[DEBUG]	01/07/2024 04:15:28 PM - Making GET request to https://rdx-04-dev-pivs.rdxpims.local/PIVision/Utility/api/v1/displays/303/export
[DEBUG]	01/07/2024 04:15:28 PM - Starting new HTTPS connection (1): rdx-04-dev-pivs.rdxpims.local:443
[DEBUG]	01/07/2024 04:15:28 PM - https://rdx-04-dev-pivs.rdxpims.local:443 "GET /PIVision/Utility/api/v1/displays/303/export HTTP/1.1" 401 1293
[DEBUG]	01/07/2024 04:15:28 PM - SSPI step input: 
[DEBUG]	01/07/2024 04:15:28 PM - SSPI step output: TlRMTVNTUAABAAAAt4II4gAAAAAAAAAAAAAAAAAAAAAKAF1YAAAADw==
[DEBUG]	01/07/2024 04:15:29 PM - https://rdx-04-dev-pivs.rdxpims.local:443 "GET /PIVision/Utility/api/v1/displays/303/export HTTP/1.1" 401 341
[DEBUG]	01/07/2024 04:15:29 PM - SSPI step input: TlRMTVNTUAACAAAADgAOADgAAAA1goniSwU7zDFWuEMAAAAAAAAAAL4AvgBGAAAACgBjRQAAAA9SAEQAWABQAEkATQBTAAIADgBSAEQAWABQAEkATQBTAAEAHgBSAEQAWAAtADAANAAtAEQARQBWAC0AUABJAFYAUwAEABoAcgBkAHgAcABpAG0AcwAuAGwAbwBjAGEAbAADADoAUgBEAFgALQAwADQALQBEAEUAVgAtAFAASQBWAFMALgByAGQAeABwAGkAbQBzAC4AbABvAGMAYQBsAAUAGgByAGQAeABwAGkAbQBzAC4AbABvAGMAYQBsAAcACAAs5wcJ68vaAQAAAAA=
[DEBUG]	01/07/2024 04:15:29 PM - SSPI step output: TlRMTVNTUAADAAAAGAAYAKYAAABiAWIBvgAAABoAGgBYAAAAHAAcAHIAAAAYABgAjgAAABAAEAAgAgAANYKI4goAXVgAAAAPic+idicNtIgTNlFjJfYoZ3IAZAB4AHAAaQBtAHMALgBsAG8AYwBhAGwAawBhAGkAawBlAC4AYwBhAHIAdgBhAGwAaABvAFIARABYAE4AVABCAFIASgAzADMANAAzAAAAAAAAAAAAAAAAAAAAAAAAAAAAAAAAAGSdJc13lzcpf2sDDIni8doBAQAAAAAAACznBwnry9oBxDR7drMliE8AAAAAAgAOAFIARABYAFAASQBNAFMAAQAeAFIARABYAC0AMAA0AC0ARABFAFYALQBQAEkAVgBTAAQAGgByAGQAeABwAGkAbQBzAC4AbABvAGMAYQBsAAMAOgBSAEQAWAAtADAANAAtAEQARQBWAC0AUABJAFYAUwAuAHIAZAB4AHAAaQBtAHMALgBsAG8AYwBhAGwABQAaAHIAZAB4AHAAaQBtAHMALgBsAG8AYwBhAGwABwAIACznBwnry9oBBgAEAAIAAAAIADAAMAAAAAAAAAABAAAAACAAAOpUK9FXmG7+x/hv5DG5Ff5aUsRfBEulxLaTJknvi6NHCgAQAG+e+pngnQVCG0j0upGzeJ4JACAAaABvAHMAdAAvAHUAbgBzAHAAZQBjAGkAZgBpAGUAZAAAAAAAAAAAAEd1PxtAJeSgOC5JV6Frikc=
[DEBUG]	01/07/2024 04:15:29 PM - https://rdx-04-dev-pivs.rdxpims.local:443 "GET /PIVision/Utility/api/v1/displays/303/export HTTP/1.1" 200 952
[INFO]	01/07/2024 04:15:29 PM - Successful GET request to https://rdx-04-dev-pivs.rdxpims.local/PIVision/Utility/api/v1/displays/303/export
[INFO]	01/07/2024 04:15:29 PM - Data saved to C:\Users\kaike.carvalho\OneDrive - RADIX ENGENHARIA E DESENVOLVIMENTO DE SOFTWARE S A (ISV)\Desktop\PI-Vision-API\dist\backup\303.json
[DEBUG]	01/07/2024 04:17:21 PM - Data source not found in modifications: pi:\\RDX-01-DEV-PIDA?d562d24d-cb85-4e74-8441-67c7a983f2e3\ "PETRO.RLL.FL01.UEOFW"? 320702
[DEBUG]	01/07/2024 04:17:28 PM - Data source not found in modifications: pi:\\RDX-01-DEV-PIDA?d562d24d-cb85-4e74-8441-67c7a983f2e3\ "PETRO.RLL.FL02.PT_CKGL_01"? 320704
[INFO]	01/07/2024 04:33:42 PM - Read credentials from c:\Users\kaike.carvalho\OneDrive - RADIX ENGENHARIA E DESENVOLVIMENTO DE SOFTWARE S A (ISV)\Desktop\PI-Vision-API\dist\input\credentials.json
[INFO]	01/07/2024 04:33:42 PM - Read display IDs from c:\Users\kaike.carvalho\OneDrive - RADIX ENGENHARIA E DESENVOLVIMENTO DE SOFTWARE S A (ISV)\Desktop\PI-Vision-API\dist\input\display_ids.txt
[INFO]	01/07/2024 04:33:42 PM - Read modification values from c:\Users\kaike.carvalho\OneDrive - RADIX ENGENHARIA E DESENVOLVIMENTO DE SOFTWARE S A (ISV)\Desktop\PI-Vision-API\dist\input\newtags.csv
[DEBUG]	01/07/2024 04:33:42 PM - Making GET request to https://rdx-04-dev-pivs.rdxpims.local/PIVision/Utility/api/v1/displays/303/export
[DEBUG]	01/07/2024 04:33:42 PM - Starting new HTTPS connection (1): rdx-04-dev-pivs.rdxpims.local:443
[DEBUG]	01/07/2024 04:33:42 PM - https://rdx-04-dev-pivs.rdxpims.local:443 "GET /PIVision/Utility/api/v1/displays/303/export HTTP/1.1" 401 1293
[DEBUG]	01/07/2024 04:33:43 PM - SSPI step input: 
[DEBUG]	01/07/2024 04:33:43 PM - SSPI step output: TlRMTVNTUAABAAAAt4II4gAAAAAAAAAAAAAAAAAAAAAKAF1YAAAADw==
[DEBUG]	01/07/2024 04:33:43 PM - https://rdx-04-dev-pivs.rdxpims.local:443 "GET /PIVision/Utility/api/v1/displays/303/export HTTP/1.1" 401 341
[DEBUG]	01/07/2024 04:33:43 PM - SSPI step input: TlRMTVNTUAACAAAADgAOADgAAAA1goniJCigNi7HNZUAAAAAAAAAAL4AvgBGAAAACgBjRQAAAA9SAEQAWABQAEkATQBTAAIADgBSAEQAWABQAEkATQBTAAEAHgBSAEQAWAAtADAANAAtAEQARQBWAC0AUABJAFYAUwAEABoAcgBkAHgAcABpAG0AcwAuAGwAbwBjAGEAbAADADoAUgBEAFgALQAwADQALQBEAEUAVgAtAFAASQBWAFMALgByAGQAeABwAGkAbQBzAC4AbABvAGMAYQBsAAUAGgByAGQAeABwAGkAbQBzAC4AbABvAGMAYQBsAAcACABiYymV7cvaAQAAAAA=
[DEBUG]	01/07/2024 04:33:43 PM - SSPI step output: TlRMTVNTUAADAAAAGAAYAKYAAABiAWIBvgAAABoAGgBYAAAAHAAcAHIAAAAYABgAjgAAABAAEAAgAgAANYKI4goAXVgAAAAPIRUl+fZvfmWKOBACI6LYfXIAZAB4AHAAaQBtAHMALgBsAG8AYwBhAGwAawBhAGkAawBlAC4AYwBhAHIAdgBhAGwAaABvAFIARABYAE4AVABCAFIASgAzADMANAAzAAAAAAAAAAAAAAAAAAAAAAAAAAAAAAAAAIAYOUL878MAs+psCKBjsbQBAQAAAAAAAGJjKZXty9oBxSSAVjxY49sAAAAAAgAOAFIARABYAFAASQBNAFMAAQAeAFIARABYAC0AMAA0AC0ARABFAFYALQBQAEkAVgBTAAQAGgByAGQAeABwAGkAbQBzAC4AbABvAGMAYQBsAAMAOgBSAEQAWAAtADAANAAtAEQARQBWAC0AUABJAFYAUwAuAHIAZAB4AHAAaQBtAHMALgBsAG8AYwBhAGwABQAaAHIAZAB4AHAAaQBtAHMALgBsAG8AYwBhAGwABwAIAGJjKZXty9oBBgAEAAIAAAAIADAAMAAAAAAAAAABAAAAACAAAOpUK9FXmG7+x/hv5DG5Ff5aUsRfBEulxLaTJknvi6NHCgAQAG+e+pngnQVCG0j0upGzeJ4JACAAaABvAHMAdAAvAHUAbgBzAHAAZQBjAGkAZgBpAGUAZAAAAAAAAAAAAGBGv3QHHYDAunnMVzKuYxE=
[DEBUG]	01/07/2024 04:33:43 PM - https://rdx-04-dev-pivs.rdxpims.local:443 "GET /PIVision/Utility/api/v1/displays/303/export HTTP/1.1" 200 952
[INFO]	01/07/2024 04:33:43 PM - Successful GET request to https://rdx-04-dev-pivs.rdxpims.local/PIVision/Utility/api/v1/displays/303/export
[INFO]	01/07/2024 04:33:43 PM - Data saved to c:\Users\kaike.carvalho\OneDrive - RADIX ENGENHARIA E DESENVOLVIMENTO DE SOFTWARE S A (ISV)\Desktop\PI-Vision-API\dist\backup\303.json
[DEBUG]	01/07/2024 04:33:43 PM - Data source not found in modifications: pi:\\RDX-01-DEV-PIDA?d562d24d-cb85-4e74-8441-67c7a983f2e3\ "PETRO.RLL.FL01.UEOFW"? 320702
[DEBUG]	01/07/2024 04:33:43 PM - Data source not found in modifications: pi:\\RDX-01-DEV-PIDA?d562d24d-cb85-4e74-8441-67c7a983f2e3\ "PETRO.RLL.FL02.PT_CKGL_01"? 320704
[INFO]	01/07/2024 04:33:43 PM - Tags saved to c:\Users\kaike.carvalho\OneDrive - RADIX ENGENHARIA E DESENVOLVIMENTO DE SOFTWARE S A (ISV)\Desktop\PI-Vision-API\dist\output\303.csv
[INFO]	01/07/2024 04:33:43 PM - No modifications needed for display ID 303
[INFO]	01/07/2024 04:38:22 PM - Read credentials from c:\Users\kaike.carvalho\OneDrive - RADIX ENGENHARIA E DESENVOLVIMENTO DE SOFTWARE S A (ISV)\Desktop\PI-Vision-API\dist\input\credentials.json
[INFO]	01/07/2024 04:38:22 PM - Read display IDs from c:\Users\kaike.carvalho\OneDrive - RADIX ENGENHARIA E DESENVOLVIMENTO DE SOFTWARE S A (ISV)\Desktop\PI-Vision-API\dist\input\display_ids.txt
[INFO]	01/07/2024 04:38:22 PM - Read modification values from c:\Users\kaike.carvalho\OneDrive - RADIX ENGENHARIA E DESENVOLVIMENTO DE SOFTWARE S A (ISV)\Desktop\PI-Vision-API\dist\input\newtags.csv
[DEBUG]	01/07/2024 04:38:22 PM - Making GET request to https://rdx-04-dev-pivs.rdxpims.local/PIVision/Utility/api/v1/displays/303/export
[DEBUG]	01/07/2024 04:38:22 PM - Starting new HTTPS connection (1): rdx-04-dev-pivs.rdxpims.local:443
[DEBUG]	01/07/2024 04:38:23 PM - https://rdx-04-dev-pivs.rdxpims.local:443 "GET /PIVision/Utility/api/v1/displays/303/export HTTP/1.1" 401 1293
[DEBUG]	01/07/2024 04:38:23 PM - SSPI step input: 
[DEBUG]	01/07/2024 04:38:23 PM - SSPI step output: TlRMTVNTUAABAAAAt4II4gAAAAAAAAAAAAAAAAAAAAAKAF1YAAAADw==
[DEBUG]	01/07/2024 04:38:23 PM - https://rdx-04-dev-pivs.rdxpims.local:443 "GET /PIVision/Utility/api/v1/displays/303/export HTTP/1.1" 401 341
[DEBUG]	01/07/2024 04:38:23 PM - SSPI step input: TlRMTVNTUAACAAAADgAOADgAAAA1gonit2nkYZtHVy0AAAAAAAAAAL4AvgBGAAAACgBjRQAAAA9SAEQAWABQAEkATQBTAAIADgBSAEQAWABQAEkATQBTAAEAHgBSAEQAWAAtADAANAAtAEQARQBWAC0AUABJAFYAUwAEABoAcgBkAHgAcABpAG0AcwAuAGwAbwBjAGEAbAADADoAUgBEAFgALQAwADQALQBEAEUAVgAtAFAASQBWAFMALgByAGQAeABwAGkAbQBzAC4AbABvAGMAYQBsAAUAGgByAGQAeABwAGkAbQBzAC4AbABvAGMAYQBsAAcACAC9XiY87svaAQAAAAA=
[DEBUG]	01/07/2024 04:38:23 PM - SSPI step output: TlRMTVNTUAADAAAAGAAYAKYAAABiAWIBvgAAABoAGgBYAAAAHAAcAHIAAAAYABgAjgAAABAAEAAgAgAANYKI4goAXVgAAAAPMnMiUtY28kTW+LOhch3HvnIAZAB4AHAAaQBtAHMALgBsAG8AYwBhAGwAawBhAGkAawBlAC4AYwBhAHIAdgBhAGwAaABvAFIARABYAE4AVABCAFIASgAzADMANAAzAAAAAAAAAAAAAAAAAAAAAAAAAAAAAAAAAJRu1dNfoembmimVetMlFNIBAQAAAAAAAL1eJjzuy9oB+HdvYuD27bQAAAAAAgAOAFIARABYAFAASQBNAFMAAQAeAFIARABYAC0AMAA0AC0ARABFAFYALQBQAEkAVgBTAAQAGgByAGQAeABwAGkAbQBzAC4AbABvAGMAYQBsAAMAOgBSAEQAWAAtADAANAAtAEQARQBWAC0AUABJAFYAUwAuAHIAZAB4AHAAaQBtAHMALgBsAG8AYwBhAGwABQAaAHIAZAB4AHAAaQBtAHMALgBsAG8AYwBhAGwABwAIAL1eJjzuy9oBBgAEAAIAAAAIADAAMAAAAAAAAAABAAAAACAAAOpUK9FXmG7+x/hv5DG5Ff5aUsRfBEulxLaTJknvi6NHCgAQAG+e+pngnQVCG0j0upGzeJ4JACAAaABvAHMAdAAvAHUAbgBzAHAAZQBjAGkAZgBpAGUAZAAAAAAAAAAAAFRF5yPfus2ABdVRpN5ymKs=
[DEBUG]	01/07/2024 04:38:23 PM - https://rdx-04-dev-pivs.rdxpims.local:443 "GET /PIVision/Utility/api/v1/displays/303/export HTTP/1.1" 200 952
[INFO]	01/07/2024 04:38:23 PM - Successful GET request to https://rdx-04-dev-pivs.rdxpims.local/PIVision/Utility/api/v1/displays/303/export
[INFO]	01/07/2024 04:38:23 PM - Data saved to c:\Users\kaike.carvalho\OneDrive - RADIX ENGENHARIA E DESENVOLVIMENTO DE SOFTWARE S A (ISV)\Desktop\PI-Vision-API\dist\backup\303.json
[DEBUG]	01/07/2024 04:38:23 PM - Data source not found in modifications: pi:\\RDX-01-DEV-PIDA?d562d24d-cb85-4e74-8441-67c7a983f2e3\ "PETRO.RLL.FL01.UEOFW"? 320702
[DEBUG]	01/07/2024 04:38:23 PM - Data source not found in modifications: pi:\\RDX-01-DEV-PIDA?d562d24d-cb85-4e74-8441-67c7a983f2e3\ "PETRO.RLL.FL02.PT_CKGL_01"? 320704
[INFO]	01/07/2024 04:38:23 PM - Tags saved to c:\Users\kaike.carvalho\OneDrive - RADIX ENGENHARIA E DESENVOLVIMENTO DE SOFTWARE S A (ISV)\Desktop\PI-Vision-API\dist\output\303.csv
[INFO]	01/07/2024 04:38:23 PM - No modifications needed for display ID 303
[INFO]	01/07/2024 04:40:10 PM - Read credentials from c:\Users\kaike.carvalho\OneDrive - RADIX ENGENHARIA E DESENVOLVIMENTO DE SOFTWARE S A (ISV)\Desktop\PI-Vision-API\dist\input\credentials.json
[INFO]	01/07/2024 04:40:10 PM - Read display IDs from c:\Users\kaike.carvalho\OneDrive - RADIX ENGENHARIA E DESENVOLVIMENTO DE SOFTWARE S A (ISV)\Desktop\PI-Vision-API\dist\input\display_ids.txt
[INFO]	01/07/2024 04:40:10 PM - Read modification values from c:\Users\kaike.carvalho\OneDrive - RADIX ENGENHARIA E DESENVOLVIMENTO DE SOFTWARE S A (ISV)\Desktop\PI-Vision-API\dist\input\newtags.csv
[DEBUG]	01/07/2024 04:40:10 PM - Making GET request to https://rdx-04-dev-pivs.rdxpims.local/PIVision/Utility/api/v1/displays/303/export
[DEBUG]	01/07/2024 04:40:10 PM - Starting new HTTPS connection (1): rdx-04-dev-pivs.rdxpims.local:443
[DEBUG]	01/07/2024 04:40:11 PM - https://rdx-04-dev-pivs.rdxpims.local:443 "GET /PIVision/Utility/api/v1/displays/303/export HTTP/1.1" 401 1293
[DEBUG]	01/07/2024 04:40:11 PM - SSPI step input: 
[DEBUG]	01/07/2024 04:40:11 PM - SSPI step output: TlRMTVNTUAABAAAAt4II4gAAAAAAAAAAAAAAAAAAAAAKAF1YAAAADw==
[DEBUG]	01/07/2024 04:40:11 PM - https://rdx-04-dev-pivs.rdxpims.local:443 "GET /PIVision/Utility/api/v1/displays/303/export HTTP/1.1" 401 341
[DEBUG]	01/07/2024 04:40:11 PM - SSPI step input: TlRMTVNTUAACAAAADgAOADgAAAA1goni3srmhPBNc7UAAAAAAAAAAL4AvgBGAAAACgBjRQAAAA9SAEQAWABQAEkATQBTAAIADgBSAEQAWABQAEkATQBTAAEAHgBSAEQAWAAtADAANAAtAEQARQBWAC0AUABJAFYAUwAEABoAcgBkAHgAcABpAG0AcwAuAGwAbwBjAGEAbAADADoAUgBEAFgALQAwADQALQBEAEUAVgAtAFAASQBWAFMALgByAGQAeABwAGkAbQBzAC4AbABvAGMAYQBsAAUAGgByAGQAeABwAGkAbQBzAC4AbABvAGMAYQBsAAcACACgjHx87svaAQAAAAA=
[DEBUG]	01/07/2024 04:40:11 PM - SSPI step output: TlRMTVNTUAADAAAAGAAYAKYAAABiAWIBvgAAABoAGgBYAAAAHAAcAHIAAAAYABgAjgAAABAAEAAgAgAANYKI4goAXVgAAAAPDTYKNd+77rwZePmE4rC693IAZAB4AHAAaQBtAHMALgBsAG8AYwBhAGwAawBhAGkAawBlAC4AYwBhAHIAdgBhAGwAaABvAFIARABYAE4AVABCAFIASgAzADMANAAzAAAAAAAAAAAAAAAAAAAAAAAAAAAAAAAAAGpOohSD8wpGoDGVCgLJ8kYBAQAAAAAAAKCMfHzuy9oBfEVB2MUoq/IAAAAAAgAOAFIARABYAFAASQBNAFMAAQAeAFIARABYAC0AMAA0AC0ARABFAFYALQBQAEkAVgBTAAQAGgByAGQAeABwAGkAbQBzAC4AbABvAGMAYQBsAAMAOgBSAEQAWAAtADAANAAtAEQARQBWAC0AUABJAFYAUwAuAHIAZAB4AHAAaQBtAHMALgBsAG8AYwBhAGwABQAaAHIAZAB4AHAAaQBtAHMALgBsAG8AYwBhAGwABwAIAKCMfHzuy9oBBgAEAAIAAAAIADAAMAAAAAAAAAABAAAAACAAAOpUK9FXmG7+x/hv5DG5Ff5aUsRfBEulxLaTJknvi6NHCgAQAG+e+pngnQVCG0j0upGzeJ4JACAAaABvAHMAdAAvAHUAbgBzAHAAZQBjAGkAZgBpAGUAZAAAAAAAAAAAAGbhrlY02GHEJ9pOk0R5XLw=
[DEBUG]	01/07/2024 04:40:11 PM - https://rdx-04-dev-pivs.rdxpims.local:443 "GET /PIVision/Utility/api/v1/displays/303/export HTTP/1.1" 200 952
[INFO]	01/07/2024 04:40:11 PM - Successful GET request to https://rdx-04-dev-pivs.rdxpims.local/PIVision/Utility/api/v1/displays/303/export
[INFO]	01/07/2024 04:40:11 PM - Data saved to c:\Users\kaike.carvalho\OneDrive - RADIX ENGENHARIA E DESENVOLVIMENTO DE SOFTWARE S A (ISV)\Desktop\PI-Vision-API\dist\backup\303.json
[DEBUG]	01/07/2024 04:40:11 PM - Data source not found in modifications: pi:\\RDX-01-DEV-PIDA?d562d24d-cb85-4e74-8441-67c7a983f2e3\ "PETRO.RLL.FL01.UEOFW"? 320702
[DEBUG]	01/07/2024 04:40:11 PM - Data source not found in modifications: pi:\\RDX-01-DEV-PIDA?d562d24d-cb85-4e74-8441-67c7a983f2e3\ "PETRO.RLL.FL02.PT_CKGL_01"? 320704
[INFO]	01/07/2024 04:40:11 PM - Tags saved to c:\Users\kaike.carvalho\OneDrive - RADIX ENGENHARIA E DESENVOLVIMENTO DE SOFTWARE S A (ISV)\Desktop\PI-Vision-API\dist\output\303.csv
[INFO]	01/07/2024 04:40:11 PM - No modifications needed for display ID 303
[INFO]	01/07/2024 04:41:21 PM - Read credentials from C:\Users\kaike.carvalho\OneDrive - RADIX ENGENHARIA E DESENVOLVIMENTO DE SOFTWARE S A (ISV)\Desktop\PI-Vision-API\dist\input\credentials.json
[INFO]	01/07/2024 04:41:21 PM - Read display IDs from C:\Users\kaike.carvalho\OneDrive - RADIX ENGENHARIA E DESENVOLVIMENTO DE SOFTWARE S A (ISV)\Desktop\PI-Vision-API\dist\input\display_ids.txt
[INFO]	01/07/2024 04:41:21 PM - Read modification values from C:\Users\kaike.carvalho\OneDrive - RADIX ENGENHARIA E DESENVOLVIMENTO DE SOFTWARE S A (ISV)\Desktop\PI-Vision-API\dist\input\newtags.csv
[DEBUG]	01/07/2024 04:41:21 PM - Making GET request to https://rdx-04-dev-pivs.rdxpims.local/PIVision/Utility/api/v1/displays/303/export
[DEBUG]	01/07/2024 04:41:21 PM - Starting new HTTPS connection (1): rdx-04-dev-pivs.rdxpims.local:443
[DEBUG]	01/07/2024 04:41:22 PM - https://rdx-04-dev-pivs.rdxpims.local:443 "GET /PIVision/Utility/api/v1/displays/303/export HTTP/1.1" 401 1293
[DEBUG]	01/07/2024 04:41:22 PM - SSPI step input: 
[DEBUG]	01/07/2024 04:41:22 PM - SSPI step output: TlRMTVNTUAABAAAAt4II4gAAAAAAAAAAAAAAAAAAAAAKAF1YAAAADw==
[DEBUG]	01/07/2024 04:41:22 PM - https://rdx-04-dev-pivs.rdxpims.local:443 "GET /PIVision/Utility/api/v1/displays/303/export HTTP/1.1" 401 341
[DEBUG]	01/07/2024 04:41:22 PM - SSPI step input: TlRMTVNTUAACAAAADgAOADgAAAA1goniHjXCOrdwkgsAAAAAAAAAAL4AvgBGAAAACgBjRQAAAA9SAEQAWABQAEkATQBTAAIADgBSAEQAWABQAEkATQBTAAEAHgBSAEQAWAAtADAANAAtAEQARQBWAC0AUABJAFYAUwAEABoAcgBkAHgAcABpAG0AcwAuAGwAbwBjAGEAbAADADoAUgBEAFgALQAwADQALQBEAEUAVgAtAFAASQBWAFMALgByAGQAeABwAGkAbQBzAC4AbABvAGMAYQBsAAUAGgByAGQAeABwAGkAbQBzAC4AbABvAGMAYQBsAAcACAD+8wKn7svaAQAAAAA=
[DEBUG]	01/07/2024 04:41:22 PM - SSPI step output: TlRMTVNTUAADAAAAGAAYAKYAAABiAWIBvgAAABoAGgBYAAAAHAAcAHIAAAAYABgAjgAAABAAEAAgAgAANYKI4goAXVgAAAAPoqjyikIoLi4Ed696C1CpwXIAZAB4AHAAaQBtAHMALgBsAG8AYwBhAGwAawBhAGkAawBlAC4AYwBhAHIAdgBhAGwAaABvAFIARABYAE4AVABCAFIASgAzADMANAAzAAAAAAAAAAAAAAAAAAAAAAAAAAAAAAAAAG40KthL9ZnR1J+5Qm008EkBAQAAAAAAAP7zAqfuy9oBkrcV5VXVrfEAAAAAAgAOAFIARABYAFAASQBNAFMAAQAeAFIARABYAC0AMAA0AC0ARABFAFYALQBQAEkAVgBTAAQAGgByAGQAeABwAGkAbQBzAC4AbABvAGMAYQBsAAMAOgBSAEQAWAAtADAANAAtAEQARQBWAC0AUABJAFYAUwAuAHIAZAB4AHAAaQBtAHMALgBsAG8AYwBhAGwABQAaAHIAZAB4AHAAaQBtAHMALgBsAG8AYwBhAGwABwAIAP7zAqfuy9oBBgAEAAIAAAAIADAAMAAAAAAAAAABAAAAACAAAOpUK9FXmG7+x/hv5DG5Ff5aUsRfBEulxLaTJknvi6NHCgAQAG+e+pngnQVCG0j0upGzeJ4JACAAaABvAHMAdAAvAHUAbgBzAHAAZQBjAGkAZgBpAGUAZAAAAAAAAAAAAAvflq/PiRkyGDyrFMu/R7M=
[DEBUG]	01/07/2024 04:41:22 PM - https://rdx-04-dev-pivs.rdxpims.local:443 "GET /PIVision/Utility/api/v1/displays/303/export HTTP/1.1" 200 952
[INFO]	01/07/2024 04:41:22 PM - Successful GET request to https://rdx-04-dev-pivs.rdxpims.local/PIVision/Utility/api/v1/displays/303/export
[INFO]	01/07/2024 04:41:22 PM - Data saved to C:\Users\kaike.carvalho\OneDrive - RADIX ENGENHARIA E DESENVOLVIMENTO DE SOFTWARE S A (ISV)\Desktop\PI-Vision-API\dist\backup\303.json
[INFO]	01/07/2024 04:59:09 PM - Read credentials from C:\Users\kaike.carvalho\OneDrive - RADIX ENGENHARIA E DESENVOLVIMENTO DE SOFTWARE S A (ISV)\Desktop\PI-Vision-API\dist\input\credentials.json
[INFO]	01/07/2024 04:59:09 PM - Read display IDs from C:\Users\kaike.carvalho\OneDrive - RADIX ENGENHARIA E DESENVOLVIMENTO DE SOFTWARE S A (ISV)\Desktop\PI-Vision-API\dist\input\display_ids.txt
[INFO]	01/07/2024 04:59:09 PM - Read modification values from C:\Users\kaike.carvalho\OneDrive - RADIX ENGENHARIA E DESENVOLVIMENTO DE SOFTWARE S A (ISV)\Desktop\PI-Vision-API\dist\input\newtags.csv
[DEBUG]	01/07/2024 04:59:09 PM - Making GET request to https://rdx-04-dev-pivs.rdxpims.local/PIVision/Utility/api/v1/displays/303/export
[DEBUG]	01/07/2024 04:59:09 PM - Starting new HTTPS connection (1): rdx-04-dev-pivs.rdxpims.local:443
[ERROR]	01/07/2024 04:59:51 PM - Connection Error while accessing the API: https://rdx-04-dev-pivs.rdxpims.local/PIVision/Utility/api/v1/displays/303/export: HTTPSConnectionPool(host='rdx-04-dev-pivs.rdxpims.local', port=443): Max retries exceeded with url: /PIVision/Utility/api/v1/displays/303/export (Caused by NewConnectionError('<urllib3.connection.HTTPSConnection object at 0x000001CE9587C760>: Failed to establish a new connection: [WinError 10060] Uma tentativa de conexão falhou porque o componente conectado não respondeu\r\ncorretamente após um período de tempo ou a conexão estabelecida falhou\r\nporque o host conectado não respondeu'))
[INFO]	01/07/2024 04:59:51 PM - Data saved to C:\Users\kaike.carvalho\OneDrive - RADIX ENGENHARIA E DESENVOLVIMENTO DE SOFTWARE S A (ISV)\Desktop\PI-Vision-API\dist\backup\303.json
[WARNING]	01/07/2024 04:59:51 PM - Unexpected data structure returned for display ID 303
[INFO]	01/07/2024 04:59:51 PM - No modifications needed for display ID 303
[INFO]	01/07/2024 05:01:47 PM - Read credentials from C:\Users\kaike.carvalho\OneDrive - RADIX ENGENHARIA E DESENVOLVIMENTO DE SOFTWARE S A (ISV)\Desktop\PI-Vision-API\dist\input\credentials.json
[INFO]	01/07/2024 05:01:47 PM - Read display IDs from C:\Users\kaike.carvalho\OneDrive - RADIX ENGENHARIA E DESENVOLVIMENTO DE SOFTWARE S A (ISV)\Desktop\PI-Vision-API\dist\input\display_ids.txt
[INFO]	01/07/2024 05:01:47 PM - Read modification values from C:\Users\kaike.carvalho\OneDrive - RADIX ENGENHARIA E DESENVOLVIMENTO DE SOFTWARE S A (ISV)\Desktop\PI-Vision-API\dist\input\newtags.csv
[DEBUG]	01/07/2024 05:01:47 PM - Making GET request to https://rdx-04-dev-pivs.rdxpims.local/PIVision/Utility/api/v1/displays/303/export
[DEBUG]	01/07/2024 05:01:47 PM - Starting new HTTPS connection (1): rdx-04-dev-pivs.rdxpims.local:443
[DEBUG]	01/07/2024 05:01:50 PM - https://rdx-04-dev-pivs.rdxpims.local:443 "GET /PIVision/Utility/api/v1/displays/303/export HTTP/1.1" 401 1293
[DEBUG]	01/07/2024 05:01:50 PM - SSPI step input: 
[DEBUG]	01/07/2024 05:01:50 PM - SSPI step output: TlRMTVNTUAABAAAAt4II4gAAAAAAAAAAAAAAAAAAAAAKAF1YAAAADw==
[DEBUG]	01/07/2024 05:01:50 PM - https://rdx-04-dev-pivs.rdxpims.local:443 "GET /PIVision/Utility/api/v1/displays/303/export HTTP/1.1" 401 341
[DEBUG]	01/07/2024 05:01:50 PM - SSPI step input: TlRMTVNTUAACAAAADgAOADgAAAA1goniDwdWd8YqYQUAAAAAAAAAAL4AvgBGAAAACgBjRQAAAA9SAEQAWABQAEkATQBTAAIADgBSAEQAWABQAEkATQBTAAEAHgBSAEQAWAAtADAANAAtAEQARQBWAC0AUABJAFYAUwAEABoAcgBkAHgAcABpAG0AcwAuAGwAbwBjAGEAbAADADoAUgBEAFgALQAwADQALQBEAEUAVgAtAFAASQBWAFMALgByAGQAeABwAGkAbQBzAC4AbABvAGMAYQBsAAUAGgByAGQAeABwAGkAbQBzAC4AbABvAGMAYQBsAAcACADwwPeC8cvaAQAAAAA=
[DEBUG]	01/07/2024 05:01:50 PM - SSPI step output: TlRMTVNTUAADAAAAGAAYAKYAAABiAWIBvgAAABoAGgBYAAAAHAAcAHIAAAAYABgAjgAAABAAEAAgAgAANYKI4goAXVgAAAAPl83Gs9oLtfJmJ1IDbx9LOXIAZAB4AHAAaQBtAHMALgBsAG8AYwBhAGwAawBhAGkAawBlAC4AYwBhAHIAdgBhAGwAaABvAFIARABYAE4AVABCAFIASgAzADMANAAzAAAAAAAAAAAAAAAAAAAAAAAAAAAAAAAAAILahz2evZSCTaa/f76t0qgBAQAAAAAAAPDA94Lxy9oBCZ97nSCce3YAAAAAAgAOAFIARABYAFAASQBNAFMAAQAeAFIARABYAC0AMAA0AC0ARABFAFYALQBQAEkAVgBTAAQAGgByAGQAeABwAGkAbQBzAC4AbABvAGMAYQBsAAMAOgBSAEQAWAAtADAANAAtAEQARQBWAC0AUABJAFYAUwAuAHIAZAB4AHAAaQBtAHMALgBsAG8AYwBhAGwABQAaAHIAZAB4AHAAaQBtAHMALgBsAG8AYwBhAGwABwAIAPDA94Lxy9oBBgAEAAIAAAAIADAAMAAAAAAAAAABAAAAACAAAOpUK9FXmG7+x/hv5DG5Ff5aUsRfBEulxLaTJknvi6NHCgAQAG+e+pngnQVCG0j0upGzeJ4JACAAaABvAHMAdAAvAHUAbgBzAHAAZQBjAGkAZgBpAGUAZAAAAAAAAAAAAASyKH9JAPfshl9GeOP8Ns4=
[DEBUG]	01/07/2024 05:01:53 PM - https://rdx-04-dev-pivs.rdxpims.local:443 "GET /PIVision/Utility/api/v1/displays/303/export HTTP/1.1" 200 952
[INFO]	01/07/2024 05:01:53 PM - Successful GET request to https://rdx-04-dev-pivs.rdxpims.local/PIVision/Utility/api/v1/displays/303/export
[INFO]	01/07/2024 05:01:53 PM - Data saved to C:\Users\kaike.carvalho\OneDrive - RADIX ENGENHARIA E DESENVOLVIMENTO DE SOFTWARE S A (ISV)\Desktop\PI-Vision-API\dist\backup\303.json
[INFO]	01/07/2024 05:02:43 PM - Read credentials from c:\Users\kaike.carvalho\OneDrive - RADIX ENGENHARIA E DESENVOLVIMENTO DE SOFTWARE S A (ISV)\Desktop\PI-Vision-API\dist\input\credentials.json
[INFO]	01/07/2024 05:02:43 PM - Read display IDs from c:\Users\kaike.carvalho\OneDrive - RADIX ENGENHARIA E DESENVOLVIMENTO DE SOFTWARE S A (ISV)\Desktop\PI-Vision-API\dist\input\display_ids.txt
[INFO]	01/07/2024 05:02:43 PM - Read modification values from c:\Users\kaike.carvalho\OneDrive - RADIX ENGENHARIA E DESENVOLVIMENTO DE SOFTWARE S A (ISV)\Desktop\PI-Vision-API\dist\input\newtags.csv
[DEBUG]	01/07/2024 05:02:43 PM - Making GET request to https://rdx-04-dev-pivs.rdxpims.local/PIVision/Utility/api/v1/displays/303/export
[DEBUG]	01/07/2024 05:02:43 PM - Starting new HTTPS connection (1): rdx-04-dev-pivs.rdxpims.local:443
[DEBUG]	01/07/2024 05:02:43 PM - https://rdx-04-dev-pivs.rdxpims.local:443 "GET /PIVision/Utility/api/v1/displays/303/export HTTP/1.1" 401 1293
[DEBUG]	01/07/2024 05:02:43 PM - SSPI step input: 
[DEBUG]	01/07/2024 05:02:43 PM - SSPI step output: TlRMTVNTUAABAAAAt4II4gAAAAAAAAAAAAAAAAAAAAAKAF1YAAAADw==
[DEBUG]	01/07/2024 05:02:44 PM - https://rdx-04-dev-pivs.rdxpims.local:443 "GET /PIVision/Utility/api/v1/displays/303/export HTTP/1.1" 401 341
[DEBUG]	01/07/2024 05:02:44 PM - SSPI step input: TlRMTVNTUAACAAAADgAOADgAAAA1gonix+WrAbzVtjIAAAAAAAAAAL4AvgBGAAAACgBjRQAAAA9SAEQAWABQAEkATQBTAAIADgBSAEQAWABQAEkATQBTAAEAHgBSAEQAWAAtADAANAAtAEQARQBWAC0AUABJAFYAUwAEABoAcgBkAHgAcABpAG0AcwAuAGwAbwBjAGEAbAADADoAUgBEAFgALQAwADQALQBEAEUAVgAtAFAASQBWAFMALgByAGQAeABwAGkAbQBzAC4AbABvAGMAYQBsAAUAGgByAGQAeABwAGkAbQBzAC4AbABvAGMAYQBsAAcACAAGLdSi8cvaAQAAAAA=
[DEBUG]	01/07/2024 05:02:44 PM - SSPI step output: TlRMTVNTUAADAAAAGAAYAKYAAABiAWIBvgAAABoAGgBYAAAAHAAcAHIAAAAYABgAjgAAABAAEAAgAgAANYKI4goAXVgAAAAP1gs5ixXl1/nKN2Ca4PMx9XIAZAB4AHAAaQBtAHMALgBsAG8AYwBhAGwAawBhAGkAawBlAC4AYwBhAHIAdgBhAGwAaABvAFIARABYAE4AVABCAFIASgAzADMANAAzAAAAAAAAAAAAAAAAAAAAAAAAAAAAAAAAAJQWLkdEyOW01RfFMEq4/ikBAQAAAAAAAAYt1KLxy9oB+PFeJ1v9dMkAAAAAAgAOAFIARABYAFAASQBNAFMAAQAeAFIARABYAC0AMAA0AC0ARABFAFYALQBQAEkAVgBTAAQAGgByAGQAeABwAGkAbQBzAC4AbABvAGMAYQBsAAMAOgBSAEQAWAAtADAANAAtAEQARQBWAC0AUABJAFYAUwAuAHIAZAB4AHAAaQBtAHMALgBsAG8AYwBhAGwABQAaAHIAZAB4AHAAaQBtAHMALgBsAG8AYwBhAGwABwAIAAYt1KLxy9oBBgAEAAIAAAAIADAAMAAAAAAAAAABAAAAACAAAOpUK9FXmG7+x/hv5DG5Ff5aUsRfBEulxLaTJknvi6NHCgAQAG+e+pngnQVCG0j0upGzeJ4JACAAaABvAHMAdAAvAHUAbgBzAHAAZQBjAGkAZgBpAGUAZAAAAAAAAAAAAHuj08f4GqNE+Pz+fh2HkNU=
[DEBUG]	01/07/2024 05:02:44 PM - https://rdx-04-dev-pivs.rdxpims.local:443 "GET /PIVision/Utility/api/v1/displays/303/export HTTP/1.1" 200 952
[INFO]	01/07/2024 05:02:44 PM - Successful GET request to https://rdx-04-dev-pivs.rdxpims.local/PIVision/Utility/api/v1/displays/303/export
[INFO]	01/07/2024 05:02:44 PM - Data saved to c:\Users\kaike.carvalho\OneDrive - RADIX ENGENHARIA E DESENVOLVIMENTO DE SOFTWARE S A (ISV)\Desktop\PI-Vision-API\dist\backup\303.json
[DEBUG]	01/07/2024 05:02:44 PM - Data source not found in modifications: pi:\\RDX-01-DEV-PIDA?d562d24d-cb85-4e74-8441-67c7a983f2e3\ "PETRO.RLL.FL01.UEOFW"? 320702
[DEBUG]	01/07/2024 05:02:44 PM - Data source not found in modifications: pi:\\RDX-01-DEV-PIDA?d562d24d-cb85-4e74-8441-67c7a983f2e3\ "PETRO.RLL.FL02.PT_CKGL_01"? 320704
[INFO]	01/07/2024 05:02:44 PM - Tags saved to c:\Users\kaike.carvalho\OneDrive - RADIX ENGENHARIA E DESENVOLVIMENTO DE SOFTWARE S A (ISV)\Desktop\PI-Vision-API\dist\output\303.csv
[INFO]	01/07/2024 05:02:44 PM - No modifications needed for display ID 303
[INFO]	01/07/2024 05:03:17 PM - Read credentials from C:\Users\kaike.carvalho\OneDrive - RADIX ENGENHARIA E DESENVOLVIMENTO DE SOFTWARE S A (ISV)\Desktop\PI-Vision-API\dist\input\credentials.json
[INFO]	01/07/2024 05:03:17 PM - Read display IDs from C:\Users\kaike.carvalho\OneDrive - RADIX ENGENHARIA E DESENVOLVIMENTO DE SOFTWARE S A (ISV)\Desktop\PI-Vision-API\dist\input\display_ids.txt
[INFO]	01/07/2024 05:03:17 PM - Read modification values from C:\Users\kaike.carvalho\OneDrive - RADIX ENGENHARIA E DESENVOLVIMENTO DE SOFTWARE S A (ISV)\Desktop\PI-Vision-API\dist\input\newtags.csv
[DEBUG]	01/07/2024 05:03:17 PM - Making GET request to https://rdx-04-dev-pivs.rdxpims.local/PIVision/Utility/api/v1/displays/303/export
[DEBUG]	01/07/2024 05:03:17 PM - Starting new HTTPS connection (1): rdx-04-dev-pivs.rdxpims.local:443
[DEBUG]	01/07/2024 05:03:17 PM - https://rdx-04-dev-pivs.rdxpims.local:443 "GET /PIVision/Utility/api/v1/displays/303/export HTTP/1.1" 401 1293
[DEBUG]	01/07/2024 05:03:17 PM - SSPI step input: 
[DEBUG]	01/07/2024 05:03:17 PM - SSPI step output: TlRMTVNTUAABAAAAt4II4gAAAAAAAAAAAAAAAAAAAAAKAF1YAAAADw==
[DEBUG]	01/07/2024 05:03:17 PM - https://rdx-04-dev-pivs.rdxpims.local:443 "GET /PIVision/Utility/api/v1/displays/303/export HTTP/1.1" 401 341
[DEBUG]	01/07/2024 05:03:17 PM - SSPI step input: TlRMTVNTUAACAAAADgAOADgAAAA1gonidl3939ndyRcAAAAAAAAAAL4AvgBGAAAACgBjRQAAAA9SAEQAWABQAEkATQBTAAIADgBSAEQAWABQAEkATQBTAAEAHgBSAEQAWAAtADAANAAtAEQARQBWAC0AUABJAFYAUwAEABoAcgBkAHgAcABpAG0AcwAuAGwAbwBjAGEAbAADADoAUgBEAFgALQAwADQALQBEAEUAVgAtAFAASQBWAFMALgByAGQAeABwAGkAbQBzAC4AbABvAGMAYQBsAAUAGgByAGQAeABwAGkAbQBzAC4AbABvAGMAYQBsAAcACADBZgC38cvaAQAAAAA=
[DEBUG]	01/07/2024 05:03:17 PM - SSPI step output: TlRMTVNTUAADAAAAGAAYAKYAAABiAWIBvgAAABoAGgBYAAAAHAAcAHIAAAAYABgAjgAAABAAEAAgAgAANYKI4goAXVgAAAAPrczMBqnyxmIWK1KlGa7usXIAZAB4AHAAaQBtAHMALgBsAG8AYwBhAGwAawBhAGkAawBlAC4AYwBhAHIAdgBhAGwAaABvAFIARABYAE4AVABCAFIASgAzADMANAAzAAAAAAAAAAAAAAAAAAAAAAAAAAAAAAAAAPEhQAX61Kn5JavM9y/je7oBAQAAAAAAAMFmALfxy9oBCLJP6ItUVusAAAAAAgAOAFIARABYAFAASQBNAFMAAQAeAFIARABYAC0AMAA0AC0ARABFAFYALQBQAEkAVgBTAAQAGgByAGQAeABwAGkAbQBzAC4AbABvAGMAYQBsAAMAOgBSAEQAWAAtADAANAAtAEQARQBWAC0AUABJAFYAUwAuAHIAZAB4AHAAaQBtAHMALgBsAG8AYwBhAGwABQAaAHIAZAB4AHAAaQBtAHMALgBsAG8AYwBhAGwABwAIAMFmALfxy9oBBgAEAAIAAAAIADAAMAAAAAAAAAABAAAAACAAAOpUK9FXmG7+x/hv5DG5Ff5aUsRfBEulxLaTJknvi6NHCgAQAG+e+pngnQVCG0j0upGzeJ4JACAAaABvAHMAdAAvAHUAbgBzAHAAZQBjAGkAZgBpAGUAZAAAAAAAAAAAABr+HAIt4oIre656FJlcUo4=
[DEBUG]	01/07/2024 05:03:18 PM - https://rdx-04-dev-pivs.rdxpims.local:443 "GET /PIVision/Utility/api/v1/displays/303/export HTTP/1.1" 200 952
[INFO]	01/07/2024 05:03:18 PM - Successful GET request to https://rdx-04-dev-pivs.rdxpims.local/PIVision/Utility/api/v1/displays/303/export
[INFO]	01/07/2024 05:03:18 PM - Data saved to C:\Users\kaike.carvalho\OneDrive - RADIX ENGENHARIA E DESENVOLVIMENTO DE SOFTWARE S A (ISV)\Desktop\PI-Vision-API\dist\backup\303.json
[INFO]	01/07/2024 05:05:58 PM - Read credentials from c:\Users\kaike.carvalho\OneDrive - RADIX ENGENHARIA E DESENVOLVIMENTO DE SOFTWARE S A (ISV)\Desktop\PI-Vision-API\dist\input\credentials.json
[INFO]	01/07/2024 05:05:58 PM - Read display IDs from c:\Users\kaike.carvalho\OneDrive - RADIX ENGENHARIA E DESENVOLVIMENTO DE SOFTWARE S A (ISV)\Desktop\PI-Vision-API\dist\input\display_ids.txt
[INFO]	01/07/2024 05:05:58 PM - Read modification values from c:\Users\kaike.carvalho\OneDrive - RADIX ENGENHARIA E DESENVOLVIMENTO DE SOFTWARE S A (ISV)\Desktop\PI-Vision-API\dist\input\newtags.csv
[DEBUG]	01/07/2024 05:05:58 PM - Making GET request to https://rdx-04-dev-pivs.rdxpims.local/PIVision/Utility/api/v1/displays/303/export
[DEBUG]	01/07/2024 05:05:58 PM - Starting new HTTPS connection (1): rdx-04-dev-pivs.rdxpims.local:443
[DEBUG]	01/07/2024 05:05:59 PM - https://rdx-04-dev-pivs.rdxpims.local:443 "GET /PIVision/Utility/api/v1/displays/303/export HTTP/1.1" 401 1293
[DEBUG]	01/07/2024 05:05:59 PM - SSPI step input: 
[DEBUG]	01/07/2024 05:05:59 PM - SSPI step output: TlRMTVNTUAABAAAAt4II4gAAAAAAAAAAAAAAAAAAAAAKAF1YAAAADw==
[DEBUG]	01/07/2024 05:05:59 PM - https://rdx-04-dev-pivs.rdxpims.local:443 "GET /PIVision/Utility/api/v1/displays/303/export HTTP/1.1" 401 341
[DEBUG]	01/07/2024 05:05:59 PM - SSPI step input: TlRMTVNTUAACAAAADgAOADgAAAA1goniBG3pEjjts7gAAAAAAAAAAL4AvgBGAAAACgBjRQAAAA9SAEQAWABQAEkATQBTAAIADgBSAEQAWABQAEkATQBTAAEAHgBSAEQAWAAtADAANAAtAEQARQBWAC0AUABJAFYAUwAEABoAcgBkAHgAcABpAG0AcwAuAGwAbwBjAGEAbAADADoAUgBEAFgALQAwADQALQBEAEUAVgAtAFAASQBWAFMALgByAGQAeABwAGkAbQBzAC4AbABvAGMAYQBsAAUAGgByAGQAeABwAGkAbQBzAC4AbABvAGMAYQBsAAcACADORX8X8svaAQAAAAA=
[DEBUG]	01/07/2024 05:05:59 PM - SSPI step output: TlRMTVNTUAADAAAAGAAYAKYAAABiAWIBvgAAABoAGgBYAAAAHAAcAHIAAAAYABgAjgAAABAAEAAgAgAANYKI4goAXVgAAAAPHUsRXyNGAWnQrbcDLfcP63IAZAB4AHAAaQBtAHMALgBsAG8AYwBhAGwAawBhAGkAawBlAC4AYwBhAHIAdgBhAGwAaABvAFIARABYAE4AVABCAFIASgAzADMANAAzAAAAAAAAAAAAAAAAAAAAAAAAAAAAAAAAANqMTISbygBlWx0e7QajnQQBAQAAAAAAAM5Ffxfyy9oB75TLMea9CSsAAAAAAgAOAFIARABYAFAASQBNAFMAAQAeAFIARABYAC0AMAA0AC0ARABFAFYALQBQAEkAVgBTAAQAGgByAGQAeABwAGkAbQBzAC4AbABvAGMAYQBsAAMAOgBSAEQAWAAtADAANAAtAEQARQBWAC0AUABJAFYAUwAuAHIAZAB4AHAAaQBtAHMALgBsAG8AYwBhAGwABQAaAHIAZAB4AHAAaQBtAHMALgBsAG8AYwBhAGwABwAIAM5Ffxfyy9oBBgAEAAIAAAAIADAAMAAAAAAAAAABAAAAACAAAOpUK9FXmG7+x/hv5DG5Ff5aUsRfBEulxLaTJknvi6NHCgAQAG+e+pngnQVCG0j0upGzeJ4JACAAaABvAHMAdAAvAHUAbgBzAHAAZQBjAGkAZgBpAGUAZAAAAAAAAAAAAKbwvvWoVvM64JVrsD0wF+s=
[DEBUG]	01/07/2024 05:05:59 PM - https://rdx-04-dev-pivs.rdxpims.local:443 "GET /PIVision/Utility/api/v1/displays/303/export HTTP/1.1" 200 952
[INFO]	01/07/2024 05:05:59 PM - Successful GET request to https://rdx-04-dev-pivs.rdxpims.local/PIVision/Utility/api/v1/displays/303/export
[INFO]	01/07/2024 05:05:59 PM - Data saved to c:\Users\kaike.carvalho\OneDrive - RADIX ENGENHARIA E DESENVOLVIMENTO DE SOFTWARE S A (ISV)\Desktop\PI-Vision-API\dist\backup\303.json
[DEBUG]	01/07/2024 05:05:59 PM - Data source not found in modifications: pi:\\RDX-01-DEV-PIDA?d562d24d-cb85-4e74-8441-67c7a983f2e3\ "PETRO.RLL.FL01.UEOFW"? 320702
[DEBUG]	01/07/2024 05:05:59 PM - Data source not found in modifications: pi:\\RDX-01-DEV-PIDA?d562d24d-cb85-4e74-8441-67c7a983f2e3\ "PETRO.RLL.FL02.PT_CKGL_01"? 320704
[INFO]	01/07/2024 05:06:00 PM - Tags saved to c:\Users\kaike.carvalho\OneDrive - RADIX ENGENHARIA E DESENVOLVIMENTO DE SOFTWARE S A (ISV)\Desktop\PI-Vision-API\dist\output\303.csv
[INFO]	01/07/2024 05:06:00 PM - No modifications needed for display ID 303
[INFO]	01/07/2024 05:06:38 PM - Read credentials from C:\Users\kaike.carvalho\OneDrive - RADIX ENGENHARIA E DESENVOLVIMENTO DE SOFTWARE S A (ISV)\Desktop\PI-Vision-API\dist\input\credentials.json
[INFO]	01/07/2024 05:06:38 PM - Read display IDs from C:\Users\kaike.carvalho\OneDrive - RADIX ENGENHARIA E DESENVOLVIMENTO DE SOFTWARE S A (ISV)\Desktop\PI-Vision-API\dist\input\display_ids.txt
[INFO]	01/07/2024 05:06:38 PM - Read modification values from C:\Users\kaike.carvalho\OneDrive - RADIX ENGENHARIA E DESENVOLVIMENTO DE SOFTWARE S A (ISV)\Desktop\PI-Vision-API\dist\input\newtags.csv
[DEBUG]	01/07/2024 05:06:38 PM - Making GET request to https://rdx-04-dev-pivs.rdxpims.local/PIVision/Utility/api/v1/displays/303/export
[DEBUG]	01/07/2024 05:06:38 PM - Starting new HTTPS connection (1): rdx-04-dev-pivs.rdxpims.local:443
[DEBUG]	01/07/2024 05:06:39 PM - https://rdx-04-dev-pivs.rdxpims.local:443 "GET /PIVision/Utility/api/v1/displays/303/export HTTP/1.1" 401 1293
[DEBUG]	01/07/2024 05:06:39 PM - SSPI step input: 
[DEBUG]	01/07/2024 05:06:39 PM - SSPI step output: TlRMTVNTUAABAAAAt4II4gAAAAAAAAAAAAAAAAAAAAAKAF1YAAAADw==
[DEBUG]	01/07/2024 05:06:39 PM - https://rdx-04-dev-pivs.rdxpims.local:443 "GET /PIVision/Utility/api/v1/displays/303/export HTTP/1.1" 401 341
[DEBUG]	01/07/2024 05:06:39 PM - SSPI step input: TlRMTVNTUAACAAAADgAOADgAAAA1gonisIo4/wJr1akAAAAAAAAAAL4AvgBGAAAACgBjRQAAAA9SAEQAWABQAEkATQBTAAIADgBSAEQAWABQAEkATQBTAAEAHgBSAEQAWAAtADAANAAtAEQARQBWAC0AUABJAFYAUwAEABoAcgBkAHgAcABpAG0AcwAuAGwAbwBjAGEAbAADADoAUgBEAFgALQAwADQALQBEAEUAVgAtAFAASQBWAFMALgByAGQAeABwAGkAbQBzAC4AbABvAGMAYQBsAAUAGgByAGQAeABwAGkAbQBzAC4AbABvAGMAYQBsAAcACAAIakEv8svaAQAAAAA=
[DEBUG]	01/07/2024 05:06:39 PM - SSPI step output: TlRMTVNTUAADAAAAGAAYAKYAAABiAWIBvgAAABoAGgBYAAAAHAAcAHIAAAAYABgAjgAAABAAEAAgAgAANYKI4goAXVgAAAAPBRbnqPZwM4kr2SSGCRfrpXIAZAB4AHAAaQBtAHMALgBsAG8AYwBhAGwAawBhAGkAawBlAC4AYwBhAHIAdgBhAGwAaABvAFIARABYAE4AVABCAFIASgAzADMANAAzAAAAAAAAAAAAAAAAAAAAAAAAAAAAAAAAAOaGBcc9mB/QO2TjYg8rlsIBAQAAAAAAAAhqQS/yy9oBEn1NJf8y/9MAAAAAAgAOAFIARABYAFAASQBNAFMAAQAeAFIARABYAC0AMAA0AC0ARABFAFYALQBQAEkAVgBTAAQAGgByAGQAeABwAGkAbQBzAC4AbABvAGMAYQBsAAMAOgBSAEQAWAAtADAANAAtAEQARQBWAC0AUABJAFYAUwAuAHIAZAB4AHAAaQBtAHMALgBsAG8AYwBhAGwABQAaAHIAZAB4AHAAaQBtAHMALgBsAG8AYwBhAGwABwAIAAhqQS/yy9oBBgAEAAIAAAAIADAAMAAAAAAAAAABAAAAACAAAOpUK9FXmG7+x/hv5DG5Ff5aUsRfBEulxLaTJknvi6NHCgAQAG+e+pngnQVCG0j0upGzeJ4JACAAaABvAHMAdAAvAHUAbgBzAHAAZQBjAGkAZgBpAGUAZAAAAAAAAAAAAEVWhJ1XKLkTA5//xPBEFdQ=
[DEBUG]	01/07/2024 05:06:39 PM - https://rdx-04-dev-pivs.rdxpims.local:443 "GET /PIVision/Utility/api/v1/displays/303/export HTTP/1.1" 200 952
[INFO]	01/07/2024 05:06:39 PM - Successful GET request to https://rdx-04-dev-pivs.rdxpims.local/PIVision/Utility/api/v1/displays/303/export
[INFO]	01/07/2024 05:06:39 PM - Data saved to C:\Users\kaike.carvalho\OneDrive - RADIX ENGENHARIA E DESENVOLVIMENTO DE SOFTWARE S A (ISV)\Desktop\PI-Vision-API\dist\backup\303.json
[INFO]	01/07/2024 05:07:30 PM - Read credentials from C:\Users\kaike.carvalho\OneDrive - RADIX ENGENHARIA E DESENVOLVIMENTO DE SOFTWARE S A (ISV)\Desktop\PI-Vision-API\dist\input\credentials.json
[INFO]	01/07/2024 05:07:30 PM - Read display IDs from C:\Users\kaike.carvalho\OneDrive - RADIX ENGENHARIA E DESENVOLVIMENTO DE SOFTWARE S A (ISV)\Desktop\PI-Vision-API\dist\input\display_ids.txt
[INFO]	01/07/2024 05:07:30 PM - Read modification values from C:\Users\kaike.carvalho\OneDrive - RADIX ENGENHARIA E DESENVOLVIMENTO DE SOFTWARE S A (ISV)\Desktop\PI-Vision-API\dist\input\newtags.csv
[DEBUG]	01/07/2024 05:07:30 PM - Making GET request to https://rdx-04-dev-pivs.rdxpims.local/PIVision/Utility/api/v1/displays/303/export
[DEBUG]	01/07/2024 05:07:30 PM - Starting new HTTPS connection (1): rdx-04-dev-pivs.rdxpims.local:443
[DEBUG]	01/07/2024 05:07:31 PM - https://rdx-04-dev-pivs.rdxpims.local:443 "GET /PIVision/Utility/api/v1/displays/303/export HTTP/1.1" 401 1293
[DEBUG]	01/07/2024 05:07:31 PM - SSPI step input: 
[DEBUG]	01/07/2024 05:07:31 PM - SSPI step output: TlRMTVNTUAABAAAAt4II4gAAAAAAAAAAAAAAAAAAAAAKAF1YAAAADw==
[DEBUG]	01/07/2024 05:07:31 PM - https://rdx-04-dev-pivs.rdxpims.local:443 "GET /PIVision/Utility/api/v1/displays/303/export HTTP/1.1" 401 341
[DEBUG]	01/07/2024 05:07:31 PM - SSPI step input: TlRMTVNTUAACAAAADgAOADgAAAA1goniS6y9ach0ftoAAAAAAAAAAL4AvgBGAAAACgBjRQAAAA9SAEQAWABQAEkATQBTAAIADgBSAEQAWABQAEkATQBTAAEAHgBSAEQAWAAtADAANAAtAEQARQBWAC0AUABJAFYAUwAEABoAcgBkAHgAcABpAG0AcwAuAGwAbwBjAGEAbAADADoAUgBEAFgALQAwADQALQBEAEUAVgAtAFAASQBWAFMALgByAGQAeABwAGkAbQBzAC4AbABvAGMAYQBsAAUAGgByAGQAeABwAGkAbQBzAC4AbABvAGMAYQBsAAcACABWogtO8svaAQAAAAA=
[DEBUG]	01/07/2024 05:07:31 PM - SSPI step output: TlRMTVNTUAADAAAAGAAYAKYAAABiAWIBvgAAABoAGgBYAAAAHAAcAHIAAAAYABgAjgAAABAAEAAgAgAANYKI4goAXVgAAAAPQh4boBgH8cVigckv6ee81XIAZAB4AHAAaQBtAHMALgBsAG8AYwBhAGwAawBhAGkAawBlAC4AYwBhAHIAdgBhAGwAaABvAFIARABYAE4AVABCAFIASgAzADMANAAzAAAAAAAAAAAAAAAAAAAAAAAAAAAAAAAAAF2IaxtuOMUD53fwaFtEBp0BAQAAAAAAAFaiC07yy9oBJ85hzEOMr40AAAAAAgAOAFIARABYAFAASQBNAFMAAQAeAFIARABYAC0AMAA0AC0ARABFAFYALQBQAEkAVgBTAAQAGgByAGQAeABwAGkAbQBzAC4AbABvAGMAYQBsAAMAOgBSAEQAWAAtADAANAAtAEQARQBWAC0AUABJAFYAUwAuAHIAZAB4AHAAaQBtAHMALgBsAG8AYwBhAGwABQAaAHIAZAB4AHAAaQBtAHMALgBsAG8AYwBhAGwABwAIAFaiC07yy9oBBgAEAAIAAAAIADAAMAAAAAAAAAABAAAAACAAAOpUK9FXmG7+x/hv5DG5Ff5aUsRfBEulxLaTJknvi6NHCgAQAG+e+pngnQVCG0j0upGzeJ4JACAAaABvAHMAdAAvAHUAbgBzAHAAZQBjAGkAZgBpAGUAZAAAAAAAAAAAAGZVvRYuB29v0jgSz9W20fM=
[DEBUG]	01/07/2024 05:07:31 PM - https://rdx-04-dev-pivs.rdxpims.local:443 "GET /PIVision/Utility/api/v1/displays/303/export HTTP/1.1" 200 952
[INFO]	01/07/2024 05:07:31 PM - Successful GET request to https://rdx-04-dev-pivs.rdxpims.local/PIVision/Utility/api/v1/displays/303/export
[INFO]	01/07/2024 05:07:31 PM - Data saved to C:\Users\kaike.carvalho\OneDrive - RADIX ENGENHARIA E DESENVOLVIMENTO DE SOFTWARE S A (ISV)\Desktop\PI-Vision-API\dist\backup\303.json
[DEBUG]	01/07/2024 05:07:37 PM - Modified data source: OLD: pi:\\RDX-01-DEV-PIDA?d562d24d-cb85-4e74-8441-67c7a983f2e3\ "PETRO.RLL.FL01.UEOFW"? 320702, NEW: pi:\\RDX-01-DEV-PIDA?d562d24d-cb85-4e74-8441-67c7a983f2e3\PETRO.RLL.FL01.PT_CKGL_01? 320696
[DEBUG]	01/07/2024 05:07:41 PM - Modified data source: OLD: pi:\\RDX-01-DEV-PIDA?d562d24d-cb85-4e74-8441-67c7a983f2e3\ "PETRO.RLL.FL02.PT_CKGL_01"? 320704, NEW: pi:\\RDX-01-DEV-PIDA?d562d24d-cb85-4e74-8441-67c7a983f2e3\PETRO.RLL.FL01.PT_PCK_01? 320697
[INFO]	01/07/2024 05:07:42 PM - Tags saved to C:\Users\kaike.carvalho\OneDrive - RADIX ENGENHARIA E DESENVOLVIMENTO DE SOFTWARE S A (ISV)\Desktop\PI-Vision-API\dist\output\303.csv
[DEBUG]	01/07/2024 05:07:42 PM - Making PUT request to https://rdx-04-dev-pivs.rdxpims.local/PIVision/Utility/api/v1/displays
[DEBUG]	01/07/2024 05:07:43 PM - https://rdx-04-dev-pivs.rdxpims.local:443 "PUT /PIVision/Utility/api/v1/displays HTTP/1.1" 200 215
[INFO]	01/07/2024 05:07:43 PM - Successful PUT request to https://rdx-04-dev-pivs.rdxpims.local/PIVision/Utility/api/v1/displays
[INFO]	02/07/2024 10:57:38 AM - Read credentials from C:\Users\kaike.carvalho\OneDrive - RADIX ENGENHARIA E DESENVOLVIMENTO DE SOFTWARE S A (ISV)\Desktop\PI-Vision-API\dist\input\credentials.json
[INFO]	02/07/2024 10:57:38 AM - Read display IDs from C:\Users\kaike.carvalho\OneDrive - RADIX ENGENHARIA E DESENVOLVIMENTO DE SOFTWARE S A (ISV)\Desktop\PI-Vision-API\dist\input\display_ids.txt
[INFO]	02/07/2024 10:57:38 AM - Read modification values from C:\Users\kaike.carvalho\OneDrive - RADIX ENGENHARIA E DESENVOLVIMENTO DE SOFTWARE S A (ISV)\Desktop\PI-Vision-API\dist\input\newtags.csv
[DEBUG]	02/07/2024 10:57:38 AM - Making GET request to https://rdx-04-dev-pivs.rdxpims.local/PIVision/Utility/api/v1/displays/303/export
[DEBUG]	02/07/2024 10:57:38 AM - Starting new HTTPS connection (1): rdx-04-dev-pivs.rdxpims.local:443
[DEBUG]	02/07/2024 10:57:38 AM - https://rdx-04-dev-pivs.rdxpims.local:443 "GET /PIVision/Utility/api/v1/displays/303/export HTTP/1.1" 401 1293
[DEBUG]	02/07/2024 10:57:38 AM - SSPI step input: 
[DEBUG]	02/07/2024 10:57:38 AM - SSPI step output: TlRMTVNTUAABAAAAt4II4gAAAAAAAAAAAAAAAAAAAAAKAF1YAAAADw==
[DEBUG]	02/07/2024 10:57:39 AM - https://rdx-04-dev-pivs.rdxpims.local:443 "GET /PIVision/Utility/api/v1/displays/303/export HTTP/1.1" 401 341
[DEBUG]	02/07/2024 10:57:39 AM - SSPI step input: TlRMTVNTUAACAAAADgAOADgAAAA1goniFzcQKvMcbrgAAAAAAAAAAL4AvgBGAAAACgBjRQAAAA9SAEQAWABQAEkATQBTAAIADgBSAEQAWABQAEkATQBTAAEAHgBSAEQAWAAtADAANAAtAEQARQBWAC0AUABJAFYAUwAEABoAcgBkAHgAcABpAG0AcwAuAGwAbwBjAGEAbAADADoAUgBEAFgALQAwADQALQBEAEUAVgAtAFAASQBWAFMALgByAGQAeABwAGkAbQBzAC4AbABvAGMAYQBsAAUAGgByAGQAeABwAGkAbQBzAC4AbABvAGMAYQBsAAcACACkW9HMh8zaAQAAAAA=
[DEBUG]	02/07/2024 10:57:39 AM - SSPI step output: TlRMTVNTUAADAAAAGAAYAKYAAABiAWIBvgAAABoAGgBYAAAAHAAcAHIAAAAYABgAjgAAABAAEAAgAgAANYKI4goAXVgAAAAPmXYecSNYDCokDlfe4s+CaXIAZAB4AHAAaQBtAHMALgBsAG8AYwBhAGwAawBhAGkAawBlAC4AYwBhAHIAdgBhAGwAaABvAFIARABYAE4AVABCAFIASgAzADMANAAzAAAAAAAAAAAAAAAAAAAAAAAAAAAAAAAAAH+qTgrrUNGBHSl6RGYRnYkBAQAAAAAAAKRb0cyHzNoBj3XFAwQVZYsAAAAAAgAOAFIARABYAFAASQBNAFMAAQAeAFIARABYAC0AMAA0AC0ARABFAFYALQBQAEkAVgBTAAQAGgByAGQAeABwAGkAbQBzAC4AbABvAGMAYQBsAAMAOgBSAEQAWAAtADAANAAtAEQARQBWAC0AUABJAFYAUwAuAHIAZAB4AHAAaQBtAHMALgBsAG8AYwBhAGwABQAaAHIAZAB4AHAAaQBtAHMALgBsAG8AYwBhAGwABwAIAKRb0cyHzNoBBgAEAAIAAAAIADAAMAAAAAAAAAABAAAAACAAAD3G9FaYglsb8c/Lh8EaMjAO16GqdI6PCmUrmIWYNqiOCgAQAG+e+pngnQVCG0j0upGzeJ4JACAAaABvAHMAdAAvAHUAbgBzAHAAZQBjAGkAZgBpAGUAZAAAAAAAAAAAAORjPc2CJR/T9mAp5rH/CTE=
[DEBUG]	02/07/2024 10:57:39 AM - https://rdx-04-dev-pivs.rdxpims.local:443 "GET /PIVision/Utility/api/v1/displays/303/export HTTP/1.1" 200 943
[INFO]	02/07/2024 10:57:39 AM - Successful GET request to https://rdx-04-dev-pivs.rdxpims.local/PIVision/Utility/api/v1/displays/303/export
[INFO]	02/07/2024 10:57:39 AM - Data saved to C:\Users\kaike.carvalho\OneDrive - RADIX ENGENHARIA E DESENVOLVIMENTO DE SOFTWARE S A (ISV)\Desktop\PI-Vision-API\dist\backup\303.json
